00:10:09 **** Incremental Build of configuration Debug for project FreeRTOS ****
make -j4 all 
arm-none-eabi-gcc "../Core/Src/maincode.c" -mcpu=cortex-m4 -std=gnu11 -g3 -DDEBUG -DUSE_HAL_DRIVER -DSTM32F334x8 -c -I../Core/Inc -I../Drivers/STM32F3xx_HAL_Driver/Inc -I../Drivers/STM32F3xx_HAL_Driver/Inc/Legacy -I../Drivers/CMSIS/Device/ST/STM32F3xx/Include -I../Drivers/CMSIS/Include -I../Middlewares/Third_Party/FreeRTOS/Source/include -I../Middlewares/Third_Party/FreeRTOS/Source/CMSIS_RTOS_V2 -I../Middlewares/Third_Party/FreeRTOS/Source/portable/GCC/ARM_CM4F -O0 -ffunction-sections -fdata-sections -Wall -fstack-usage -fcyclomatic-complexity -MMD -MP -MF"Core/Src/maincode.d" -MT"Core/Src/maincode.o" --specs=nano.specs -mfpu=fpv4-sp-d16 -mfloat-abi=hard -mthumb -o "Core/Src/maincode.o"
arm-none-eabi-gcc -o "FreeRTOS.elf" @"objects.list"   -mcpu=cortex-m4 -T"/home/dbserver/Maurício/real-time-embedded-systems/Trabalho/engd33-freertos-project/FreeRTOS/STM32F334R8TX_FLASH.ld" --specs=nosys.specs -Wl,-Map="FreeRTOS.map" -Wl,--gc-sections -static --specs=nano.specs -mfpu=fpv4-sp-d16 -mfloat-abi=hard -mthumb -Wl,--start-group -lc -lm -Wl,--end-group
Finished building target: FreeRTOS.elf
 
arm-none-eabi-size   FreeRTOS.elf 
arm-none-eabi-objdump -h -S  FreeRTOS.elf  > "FreeRTOS.list"
   text	   data	    bss	    dec	    hex	filename
  23520	    124	   8460	  32104	   7d68	FreeRTOS.elf
Finished building: default.size.stdout
 
Finished building: FreeRTOS.list
 

00:10:11 Build Finished. 0 errors, 0 warnings. (took 1s.897ms)

